// Jest Snapshot v1, https://goo.gl/fbAQLP

exports[`StopWatch tests render should match snapshot file 1`] = `
<div
  className="clock"
>
  <div>
    00:00:00.00
  </div>
  <div
    className="buttons"
  >
    <button
      className="btn"
      disabled={false}
      onClick={[Function]}
    >
      Start
    </button>
    <button
      className="btn"
      disabled={true}
      onClick={[Function]}
    >
      Stop
    </button>
                    
    <button
      className="btn"
      disabled={true}
      onClick={[Function]}
    >
      Lap
    </button>
    <button
      className="btn"
      disabled={false}
      onClick={[Function]}
    >
      Reset
    </button>
  </div>
  <div
    className="lap"
  />
</div>
`;
